[INFO] Scanning for projects...
[INFO] 
[INFO] -----------------< com.zombiedetector:zombie-detector >-----------------
[INFO] Building zombie-detector 0.0.1-SNAPSHOT
[INFO]   from pom.xml
[INFO] --------------------------------[ jar ]---------------------------------
[INFO] 
[INFO] >>> spring-boot:4.1.0:run (default-cli) > test-compile @ zombie-detector >>>
[INFO] 
[INFO] --- resources:3.5.0:resources (default-resources) @ zombie-detector ---
[INFO] Copying 1 resource from src/main/resources to target/classes
[INFO] Copying 0 resource from src/main/resources to target/classes
[INFO] 
[INFO] --- compiler:3.15.0:compile (default-compile) @ zombie-detector ---
[INFO] Nothing to compile - all classes are up to date.
[INFO] 
[INFO] --- resources:3.5.0:testResources (default-testResources) @ zombie-detector ---
[INFO] skip non existing resourceDirectory /Users/akulayashwanth/Desktop/zombie-detector/src/test/resources
[INFO] 
[INFO] --- compiler:3.15.0:testCompile (default-testCompile) @ zombie-detector ---
[INFO] Nothing to compile - all classes are up to date.
[INFO] 
[INFO] <<< spring-boot:4.1.0:run (default-cli) < test-compile @ zombie-detector <<<
[INFO] 
[INFO] 
[INFO] --- spring-boot:4.1.0:run (default-cli) @ zombie-detector ---
[INFO] Attaching agents: []

  .   ____          _            __ _ _
 /\\ / ___'_ __ _ _(_)_ __  __ _ \ \ \ \
( ( )\___ | '_ | '_| | '_ \/ _` | \ \ \ \
 \\/  ___)| |_)| | | | | || (_| |  ) ) ) )
  '  |____| .__|_| |_|_| |_\__, | / / / /
 =========|_|==============|___/=/_/_/_/

 :: Spring Boot ::                (v4.1.0)

2026-07-16T14:53:56.012+05:30  INFO 17452 --- [zombie-detector] [           main] c.z.ZombieDetectorApplication            : Starting ZombieDetectorApplication using Java 25.0.2 with PID 17452 (/Users/akulayashwanth/Desktop/zombie-detector/target/classes started by akulayashwanth in /Users/akulayashwanth/Desktop/zombie-detector)
2026-07-16T14:53:56.013+05:30  INFO 17452 --- [zombie-detector] [           main] c.z.ZombieDetectorApplication            : No active profile set, falling back to 1 default profile: "default"
2026-07-16T14:53:56.162+05:30  INFO 17452 --- [zombie-detector] [           main] .s.d.r.c.RepositoryConfigurationDelegate : Bootstrapping Spring Data JPA repositories in DEFAULT mode.
2026-07-16T14:53:56.174+05:30  INFO 17452 --- [zombie-detector] [           main] .s.d.r.c.RepositoryConfigurationDelegate : Finished Spring Data repository scanning in 10 ms. Found 1 JPA repository interface.
2026-07-16T14:53:56.279+05:30  INFO 17452 --- [zombie-detector] [           main] o.s.boot.tomcat.TomcatWebServer          : Tomcat initialized with port 8080 (http)
2026-07-16T14:53:56.283+05:30  INFO 17452 --- [zombie-detector] [           main] o.apache.catalina.core.StandardService   : Starting service [Tomcat]
2026-07-16T14:53:56.283+05:30  INFO 17452 --- [zombie-detector] [           main] o.apache.catalina.core.StandardEngine    : Starting Servlet engine: [Apache Tomcat/11.0.22]
2026-07-16T14:53:56.295+05:30  INFO 17452 --- [zombie-detector] [           main] b.w.c.s.WebApplicationContextInitializer : Root WebApplicationContext: initialization completed in 266 ms
2026-07-16T14:53:56.336+05:30  INFO 17452 --- [zombie-detector] [           main] com.zaxxer.hikari.HikariDataSource       : HikariPool-1 - Starting...
2026-07-16T14:53:56.387+05:30  INFO 17452 --- [zombie-detector] [           main] com.zaxxer.hikari.pool.HikariPool        : HikariPool-1 - Added connection conn0: url=jdbc:h2:mem:20e8765c-eb13-4e23-86ba-a47ffa3440d0 user=SA
2026-07-16T14:53:56.388+05:30  INFO 17452 --- [zombie-detector] [           main] com.zaxxer.hikari.HikariDataSource       : HikariPool-1 - Start completed.
2026-07-16T14:53:56.398+05:30  INFO 17452 --- [zombie-detector] [           main] org.hibernate.orm.jpa                    : HHH008540: Processing PersistenceUnitInfo [name: default]
2026-07-16T14:53:56.410+05:30  INFO 17452 --- [zombie-detector] [           main] org.hibernate.orm.core                   : HHH000001: Hibernate ORM core version 7.4.1.Final
2026-07-16T14:53:56.508+05:30  INFO 17452 --- [zombie-detector] [           main] o.s.o.j.p.SpringPersistenceUnitInfo      : No LoadTimeWeaver setup: ignoring JPA class transformer
2026-07-16T14:53:56.528+05:30  INFO 17452 --- [zombie-detector] [           main] org.hibernate.orm.connections.pooling    : HHH10001005: Database info:
	Database JDBC URL [jdbc:h2:mem:20e8765c-eb13-4e23-86ba-a47ffa3440d0]
	Database driver: H2 JDBC Driver
	Database dialect: H2Dialect
	Database version: 2.4.240
	Default catalog/schema: 20E8765C-EB13-4E23-86BA-A47FFA3440D0/PUBLIC
	Autocommit mode: undefined/unknown
	Isolation level: READ_COMMITTED [default READ_COMMITTED]
	JDBC fetch size: 100
	Pool: DataSourceConnectionProvider
	Minimum pool size: undefined/unknown
	Maximum pool size: undefined/unknown
2026-07-16T14:53:56.729+05:30  INFO 17452 --- [zombie-detector] [           main] org.hibernate.orm.core                   : HHH000489: No JTA platform available (set 'hibernate.transaction.jta.platform' to enable JTA platform integration)
2026-07-16T14:53:56.739+05:30  INFO 17452 --- [zombie-detector] [           main] j.LocalContainerEntityManagerFactoryBean : Initialized JPA EntityManagerFactory for persistence unit 'default'
2026-07-16T14:53:56.761+05:30  INFO 17452 --- [zombie-detector] [           main] o.s.d.j.r.query.QueryEnhancerFactories   : Hibernate is in classpath; If applicable, HQL parser will be used.
2026-07-16T14:53:56.792+05:30  WARN 17452 --- [zombie-detector] [           main] JpaBaseConfiguration$JpaWebConfiguration : spring.jpa.open-in-view is enabled by default. Therefore, database queries may be performed during view rendering. Explicitly configure spring.jpa.open-in-view to disable this warning
2026-07-16T14:53:56.880+05:30  INFO 17452 --- [zombie-detector] [           main] o.s.boot.tomcat.TomcatWebServer          : Tomcat started on port 8080 (http) with context path '/'
2026-07-16T14:53:56.883+05:30  INFO 17452 --- [zombie-detector] [           main] c.z.ZombieDetectorApplication            : Started ZombieDetectorApplication in 0.971 seconds (process running for 1.065)
SIMULATOR TICK at 2026-07-16T14:53:56.883844
DETECTOR TICK at 2026-07-16T14:53:56.951853
Seeded 20 nodes.
2026-07-16T14:54:02.754+05:30  INFO 17452 --- [zombie-detector] [nio-8080-exec-1] o.a.c.c.C.[Tomcat].[localhost].[/]       : Initializing Spring DispatcherServlet 'dispatcherServlet'
2026-07-16T14:54:02.754+05:30  INFO 17452 --- [zombie-detector] [nio-8080-exec-1] o.s.web.servlet.DispatcherServlet        : Initializing Servlet 'dispatcherServlet'
2026-07-16T14:54:02.754+05:30  INFO 17452 --- [zombie-detector] [nio-8080-exec-1] o.s.web.servlet.DispatcherServlet        : Completed initialization in 0 ms
SIMULATOR TICK at 2026-07-16T14:54:06.957559
SIMULATOR TICK at 2026-07-16T14:54:16.993469
DETECTOR TICK at 2026-07-16T14:54:26.958745
FLAGGED: node-2 - Idle: low CPU + no traffic for 2+ hours
FLAGGED: node-5 - Idle: low CPU + no traffic for 2+ hours
FLAGGED: node-6 - Idle: low CPU + no traffic for 2+ hours
FLAGGED: node-10 - Idle: low CPU + no traffic for 2+ hours
FLAGGED: node-12 - Idle: low CPU + no traffic for 2+ hours
FLAGGED: node-16 - Idle: low CPU + no traffic for 2+ hours
FLAGGED: node-18 - Idle: low CPU + no traffic for 2+ hours
FLAGGED: node-20 - Idle: low CPU + no traffic for 2+ hours
SIMULATOR TICK at 2026-07-16T14:54:27.016934
SIMULATOR TICK at 2026-07-16T14:54:37.037209
SIMULATOR TICK at 2026-07-16T14:54:47.056520
DETECTOR TICK at 2026-07-16T14:54:56.979232
RECOVERED: node-2
FLAGGED: node-3 - Idle: low CPU + no traffic for 2+ hours
RECOVERED: node-5
RECOVERED: node-6
FLAGGED: node-8 - Idle: low CPU + no traffic for 2+ hours
RECOVERED: node-10
FLAGGED: node-11 - Idle: low CPU + no traffic for 2+ hours
STOPPED: node-12 - Monthly savings: $8.35
RECOVERED: node-16
FLAGGED: node-17 - Idle: low CPU + no traffic for 2+ hours
RECOVERED: node-18
RECOVERED: node-20
SIMULATOR TICK at 2026-07-16T14:54:57.079565
SIMULATOR TICK at 2026-07-16T14:55:07.097751
SIMULATOR TICK at 2026-07-16T14:55:17.115910
DETECTOR TICK at 2026-07-16T14:55:26.994554
FLAGGED: node-1 - Idle: low CPU + no traffic for 2+ hours
RECOVERED: node-3
FLAGGED: node-6 - Idle: low CPU + no traffic for 2+ hours
RECOVERED: node-8
STOPPED: node-11 - Monthly savings: $122.40
FLAGGED: node-15 - Idle: low CPU + no traffic for 2+ hours
STOPPED: node-17 - Monthly savings: $66.82
FLAGGED: node-19 - Idle: low CPU + no traffic for 2+ hours
SIMULATOR TICK at 2026-07-16T14:55:27.132542
SIMULATOR TICK at 2026-07-16T14:55:37.148838
SIMULATOR TICK at 2026-07-16T14:55:47.164666
DETECTOR TICK at 2026-07-16T14:55:57.010890
STOPPED: node-1 - Monthly savings: $66.82
FLAGGED: node-3 - Idle: low CPU + no traffic for 2+ hours
RECOVERED: node-6
FLAGGED: node-7 - Idle: low CPU + no traffic for 2+ hours
FLAGGED: node-8 - Idle: low CPU + no traffic for 2+ hours
FLAGGED: node-13 - Idle: low CPU + no traffic for 2+ hours
RECOVERED: node-15
FLAGGED: node-16 - Idle: low CPU + no traffic for 2+ hours
FLAGGED: node-18 - Idle: low CPU + no traffic for 2+ hours
RECOVERED: node-19
FLAGGED: node-20 - Idle: low CPU + no traffic for 2+ hours
SIMULATOR TICK at 2026-07-16T14:55:57.181030
SIMULATOR TICK at 2026-07-16T14:56:07.196414
SIMULATOR TICK at 2026-07-16T14:56:17.208170
DETECTOR TICK at 2026-07-16T14:56:27.027499
STOPPED: node-3 - Monthly savings: $122.40
FLAGGED: node-6 - Idle: low CPU + no traffic for 2+ hours
RECOVERED: node-7
RECOVERED: node-8
FLAGGED: node-9 - Idle: low CPU + no traffic for 2+ hours
RECOVERED: node-13
FLAGGED: node-14 - Idle: low CPU + no traffic for 2+ hours
FLAGGED: node-15 - Idle: low CPU + no traffic for 2+ hours
RECOVERED: node-16
STOPPED: node-18 - Monthly savings: $69.12
FLAGGED: node-19 - Idle: low CPU + no traffic for 2+ hours
RECOVERED: node-20
SIMULATOR TICK at 2026-07-16T14:56:27.220018
SIMULATOR TICK at 2026-07-16T14:56:37.235065
SIMULATOR TICK at 2026-07-16T14:56:47.245175
